 ReadCSV

 Timestamp is 5e86d07f (Fri Apr  3 14:58:23 2020)

 Preferred load address is 0000000180000000

 Start         Length     Name                   Class
 0001:00000000 00000020H .text$di                CODE
 0001:00000020 00001bb0H .text$mn                CODE
 0001:00001bd0 00000020H .text$mn$00             CODE
 0001:00001bf0 00000140H .text$x                 CODE
 0001:00001d30 0000000cH .text$yd                CODE
 0002:00000000 00000280H .idata$5                DATA
 0002:00000280 00000010H .00cfg                  DATA
 0002:00000290 00000008H .CRT$XCA                DATA
 0002:00000298 00000008H .CRT$XCL                DATA
 0002:000002a0 00000000H .CRT$XCU                DATA
 0002:000002a0 00000008H .CRT$XCZ                DATA
 0002:000002a8 00000008H .CRT$XIA                DATA
 0002:000002b0 00000008H .CRT$XIC                DATA
 0002:000002b8 00000008H .CRT$XIZ                DATA
 0002:000002c0 00000008H .CRT$XLA                DATA
 0002:000002c8 00000008H .CRT$XLZ                DATA
 0002:000002d0 00000008H .CRT$XPA                DATA
 0002:000002d8 00000008H .CRT$XPZ                DATA
 0002:000002e0 00000008H .CRT$XTA                DATA
 0002:000002e8 00000008H .CRT$XTZ                DATA
 0002:000002f0 00000458H .rdata                  DATA
 0002:00000748 00000028H .rdata$T                DATA
 0002:00000770 00000074H .rdata$r                DATA
 0002:000007e4 000003c4H .rdata$zzzdbg           DATA
 0002:00000ba8 00000008H .rtc$IAA                DATA
 0002:00000bb0 00000008H .rtc$IZZ                DATA
 0002:00000bb8 00000008H .rtc$TAA                DATA
 0002:00000bc0 00000010H .rtc$TZZ                DATA
 0002:00000bd0 00000390H .xdata                  DATA
 0002:00000f60 00000000H ATL$__a                 DATA
 0002:00000f60 00000000H ATL$__z                 DATA
 0002:00000f60 00000078H .edata                  DATA
 0002:00000fd8 000000b4H .idata$2                DATA
 0002:0000108c 00000014H .idata$3                DATA
 0002:000010a0 00000280H .idata$4                DATA
 0002:00001320 000004e0H .idata$6                DATA
 0003:00000000 00000038H .data                   DATA
 0003:00000038 00000078H .data$r                 DATA
 0003:000000b0 000006e0H .bss                    DATA
 0004:00000000 00000270H .pdata                  DATA
 0005:00000000 0000001cH .gfids$y                DATA
 0006:00000000 00000004H .tls                    DATA
 0006:00000004 00000004H .tls$                   DATA
 0006:00000008 00000001H .tls$ZZZ                DATA
 0007:00000000 00000160H .rsrc$01                DATA
 0007:00000160 000009e8H .rsrc$02                DATA

  Address         Publics by Value              Rva+Base               Lib:Object

 0000:00000000       __guard_iat_count          0000000000000000     <absolute>
 0000:00000000       __dynamic_value_reloc_table 0000000000000000     <absolute>
 0000:00000000       __guard_longjmp_table      0000000000000000     <absolute>
 0000:00000000       __guard_iat_table          0000000000000000     <absolute>
 0000:00000000       __guard_longjmp_count      0000000000000000     <absolute>
 0000:00000000       __guard_fids_count         0000000000000000     <absolute>
 0000:00000000       ___safe_se_handler_table   0000000000000000     <absolute>
 0000:00000000       ___safe_se_handler_count   0000000000000000     <absolute>
 0000:00000000       __guard_fids_table         0000000000000000     <absolute>
 0000:00000100       __guard_flags              0000000000000100     <absolute>
 0000:00000000       __ImageBase                0000000180000000     <linker-defined>
 0001:00000020       ExtRawDllMain              0000000180001020 f   ReadCSV.obj
 0001:00000060       DllMain                    0000000180001060 f   ReadCSV.obj
 0001:000000f0       NCVC_Initialize            00000001800010f0 f   ReadCSV.obj
 0001:000001b0       ReadCSV_Menu               00000001800011b0 f   ReadCSV.obj
 0001:00000280       ReadCSV                    0000000180001280 f   ReadCSV.obj
 0001:00000a00       ?_AtlInitializeCriticalSectionEx@ATL@@YAHPEAU_RTL_CRITICAL_SECTION@@KK@Z 0000000180001a00 f i stdafx.obj
 0001:00000a08       ??3@YAXPEAX@Z              0000000180001a08 f   mfc140:mfc140.dll
 0001:00000a20       __security_check_cookie    0000000180001a20 f   msvcrt:_amdsecgs_.obj
 0001:00000a44       ??3@YAXPEAX_K@Z            0000000180001a44 f   msvcrt:delete_scalar_size.obj
 0001:00000a4c       ??_Gtype_info@@UEAAPEAXI@Z 0000000180001a4c f i msvcrt:std_type_info_static.obj
 0001:00000a4c       ??_Etype_info@@UEAAPEAXI@Z 0000000180001a4c f i msvcrt:std_type_info_static.obj
 0001:00000bc0       __scrt_acquire_startup_lock 0000000180001bc0 f   msvcrt:utility.obj
 0001:00000bfc       __scrt_dllmain_after_initialize_c 0000000180001bfc f   msvcrt:utility.obj
 0001:00000c30       __scrt_dllmain_before_initialize_c 0000000180001c30 f   msvcrt:utility.obj
 0001:00000c48       __scrt_dllmain_crt_thread_attach 0000000180001c48 f   msvcrt:utility.obj
 0001:00000c70       __scrt_dllmain_crt_thread_detach 0000000180001c70 f   msvcrt:utility.obj
 0001:00000c88       __scrt_dllmain_exception_filter 0000000180001c88 f   msvcrt:utility.obj
 0001:00000cec       __scrt_dllmain_uninitialize_c 0000000180001cec f   msvcrt:utility.obj
 0001:00000d1c       __scrt_dllmain_uninitialize_critical 0000000180001d1c f   msvcrt:utility.obj
 0001:00000d30       __scrt_initialize_crt      0000000180001d30 f   msvcrt:utility.obj
 0001:00000d7c       __scrt_initialize_onexit_tables 0000000180001d7c f   msvcrt:utility.obj
 0001:00000e48       __scrt_is_nonwritable_in_current_image 0000000180001e48 f   msvcrt:utility.obj
 0001:00000ee4       __scrt_release_startup_lock 0000000180001ee4 f   msvcrt:utility.obj
 0001:00000f08       __scrt_uninitialize_crt    0000000180001f08 f   msvcrt:utility.obj
 0001:00000f34       _onexit                    0000000180001f34 f   msvcrt:utility.obj
 0001:00000f84       atexit                     0000000180001f84 f   msvcrt:utility.obj
 0001:000012e8       _DllMainCRTStartup         00000001800022e8 f   msvcrt:dll_dllmain.obj
 0001:00001328       _guard_check_icall         0000000180002328 f i msvcrt:checkcfg.obj
 0001:00001330       __raise_securityfailure    0000000180002330 f   msvcrt:gs_report.obj
 0001:00001364       __report_gsfailure         0000000180002364 f   msvcrt:gs_report.obj
 0001:000014ac       __scrt_fastfail            00000001800024ac f   msvcrt:utility_desktop.obj
 0001:000015f4       __isa_available_init       00000001800025f4 f   msvcrt:_cpu_disp_.obj
 0001:000017bc       _get_startup_argv_mode     00000001800027bc f   msvcrt:argv_mode.obj
 0001:000017c4       __scrt_is_ucrt_dll_in_use  00000001800027c4 f   msvcrt:ucrt_detection.obj
 0001:000017d0       __security_init_cookie     00000001800027d0 f   msvcrt:gs_support.obj
 0001:0000187c       ?__scrt_initialize_type_info@@YAXXZ 000000018000287c f   msvcrt:tncleanup.obj
 0001:0000188c       ?__scrt_uninitialize_type_info@@YAXXZ 000000018000288c f   msvcrt:tncleanup.obj
 0001:00001898       __local_stdio_printf_options 0000000180002898 f i msvcrt:default_local_stdio_options.obj
 0001:000018a0       __local_stdio_scanf_options 00000001800028a0 f i msvcrt:default_local_stdio_options.obj
 0001:000018a8       __scrt_initialize_default_local_stdio_options 00000001800028a8 f   msvcrt:default_local_stdio_options.obj
 0001:000018c4       __scrt_get_dyn_tls_init_callback 00000001800028c4 f   msvcrt:dyn_tls_init.obj
 0001:000018cc       _RTC_Initialize            00000001800028cc f   msvcrt:_initsect_.obj
 0001:00001918       _RTC_Terminate             0000000180002918 f   msvcrt:_initsect_.obj
 0001:00001964       __GSHandlerCheck           0000000180002964 f   msvcrt:_gshandler_.obj
 0001:00001984       __GSHandlerCheckCommon     0000000180002984 f   msvcrt:_gshandler_.obj
 0001:000019e0       _guard_check_icall_nop     00000001800029e0 f i msvcrt:guard_support.obj
 0001:000019f0       IsProcessorFeaturePresent  00000001800029f0 f   kernel32:KERNEL32.dll
 0001:000019f8       ??0CAtlBaseModule@ATL@@QEAA@XZ 00000001800029f8 f   atls:atlbase.obj
 0001:00001aa0       ??1CAtlBaseModule@ATL@@QEAA@XZ 0000000180002aa0 f   atls:atlbase.obj
 0001:00001ad4       memset                     0000000180002ad4 f   vcruntime:VCRUNTIME140.dll
 0001:00001ada       __C_specific_handler       0000000180002ada f   vcruntime:VCRUNTIME140.dll
 0001:00001ae0       __CxxFrameHandler3         0000000180002ae0 f   vcruntime:VCRUNTIME140.dll
 0001:00001ae6       __vcrt_InitializeCriticalSectionEx 0000000180002ae6 f   vcruntime:VCRUNTIME140.dll
 0001:00001aec       __std_type_info_destroy_list 0000000180002aec f   vcruntime:VCRUNTIME140.dll
 0001:00001af2       free                       0000000180002af2 f   ucrt:api-ms-win-crt-heap-l1-1-0.dll
 0001:00001af8       _seh_filter_dll            0000000180002af8 f   ucrt:api-ms-win-crt-runtime-l1-1-0.dll
 0001:00001afe       _configure_narrow_argv     0000000180002afe f   ucrt:api-ms-win-crt-runtime-l1-1-0.dll
 0001:00001b04       _initialize_narrow_environment 0000000180002b04 f   ucrt:api-ms-win-crt-runtime-l1-1-0.dll
 0001:00001b0a       _initialize_onexit_table   0000000180002b0a f   ucrt:api-ms-win-crt-runtime-l1-1-0.dll
 0001:00001b10       _register_onexit_function  0000000180002b10 f   ucrt:api-ms-win-crt-runtime-l1-1-0.dll
 0001:00001b16       _execute_onexit_table      0000000180002b16 f   ucrt:api-ms-win-crt-runtime-l1-1-0.dll
 0001:00001b1c       _crt_atexit                0000000180002b1c f   ucrt:api-ms-win-crt-runtime-l1-1-0.dll
 0001:00001b22       _cexit                     0000000180002b22 f   ucrt:api-ms-win-crt-runtime-l1-1-0.dll
 0001:00001b28       _initterm                  0000000180002b28 f   ucrt:api-ms-win-crt-runtime-l1-1-0.dll
 0001:00001b2e       _initterm_e                0000000180002b2e f   ucrt:api-ms-win-crt-runtime-l1-1-0.dll
 0001:00001b34       __scrt_stub_for_acrt_thread_detach 0000000180002b34 f   msvcrt:ucrt_stubs.obj
 0001:00001b34       __scrt_stub_for_acrt_uninitialize_critical 0000000180002b34 f   msvcrt:ucrt_stubs.obj
 0001:00001b34       __vcrt_uninitialize        0000000180002b34 f   msvcrt:ucrt_stubs.obj
 0001:00001b34       __vcrt_initialize          0000000180002b34 f   msvcrt:ucrt_stubs.obj
 0001:00001b34       __scrt_stub_for_acrt_initialize 0000000180002b34 f   msvcrt:ucrt_stubs.obj
 0001:00001b34       __scrt_stub_for_acrt_thread_attach 0000000180002b34 f   msvcrt:ucrt_stubs.obj
 0001:00001b34       __vcrt_uninitialize_critical 0000000180002b34 f   msvcrt:ucrt_stubs.obj
 0001:00001b34       __scrt_stub_for_acrt_uninitialize 0000000180002b34 f   msvcrt:ucrt_stubs.obj
 0001:00001b34       __acrt_thread_detach       0000000180002b34 f   msvcrt:ucrt_stubs.obj
 0001:00001b34       __acrt_thread_attach       0000000180002b34 f   msvcrt:ucrt_stubs.obj
 0001:00001b34       __vcrt_thread_attach       0000000180002b34 f   msvcrt:ucrt_stubs.obj
 0001:00001b34       __vcrt_thread_detach       0000000180002b34 f   msvcrt:ucrt_stubs.obj
 0001:00001b34       __acrt_uninitialize_critical 0000000180002b34 f   msvcrt:ucrt_stubs.obj
 0001:00001b34       __acrt_uninitialize        0000000180002b34 f   msvcrt:ucrt_stubs.obj
 0001:00001b34       __acrt_initialize          0000000180002b34 f   msvcrt:ucrt_stubs.obj
 0001:00001b38       _is_c_termination_complete 0000000180002b38 f   msvcrt:ucrt_stubs.obj
 0001:00001b38       __scrt_stub_for_is_c_termination_complete 0000000180002b38 f   msvcrt:ucrt_stubs.obj
 0001:00001b3c       __GSHandlerCheck_EH        0000000180002b3c f   msvcrt:gshandlereh.obj
 0001:00001bbc       cos                        0000000180002bbc f   ucrt:api-ms-win-crt-math-l1-1-0.dll
 0001:00001bc2       sin                        0000000180002bc2 f   ucrt:api-ms-win-crt-math-l1-1-0.dll
 0001:00001be0       _guard_dispatch_icall_nop  0000000180002be0 f   msvcrt:_guard_dispatch_.obj
 0002:00000000       __imp_OutputDebugStringW   0000000180003000     kernel32:KERNEL32.dll
 0002:00000008       __imp_InitializeSListHead  0000000180003008     kernel32:KERNEL32.dll
 0002:00000010       __imp_GetSystemTimeAsFileTime 0000000180003010     kernel32:KERNEL32.dll
 0002:00000018       __imp_GetCurrentThreadId   0000000180003018     kernel32:KERNEL32.dll
 0002:00000020       __imp_GetCurrentProcessId  0000000180003020     kernel32:KERNEL32.dll
 0002:00000028       __imp_QueryPerformanceCounter 0000000180003028     kernel32:KERNEL32.dll
 0002:00000030       __imp_IsDebuggerPresent    0000000180003030     kernel32:KERNEL32.dll
 0002:00000038       __imp_IsProcessorFeaturePresent 0000000180003038     kernel32:KERNEL32.dll
 0002:00000040       __imp_TerminateProcess     0000000180003040     kernel32:KERNEL32.dll
 0002:00000048       __imp_GetCurrentProcess    0000000180003048     kernel32:KERNEL32.dll
 0002:00000050       __imp_SetUnhandledExceptionFilter 0000000180003050     kernel32:KERNEL32.dll
 0002:00000058       __imp_UnhandledExceptionFilter 0000000180003058     kernel32:KERNEL32.dll
 0002:00000060       __imp_RtlVirtualUnwind     0000000180003060     kernel32:KERNEL32.dll
 0002:00000068       __imp_RtlLookupFunctionEntry 0000000180003068     kernel32:KERNEL32.dll
 0002:00000070       __imp_RtlCaptureContext    0000000180003070     kernel32:KERNEL32.dll
 0002:00000078       __imp_GetProcAddress       0000000180003078     kernel32:KERNEL32.dll
 0002:00000080       __imp_GetModuleHandleW     0000000180003080     kernel32:KERNEL32.dll
 0002:00000088       __imp_CreateEventW         0000000180003088     kernel32:KERNEL32.dll
 0002:00000090       __imp_CloseHandle          0000000180003090     kernel32:KERNEL32.dll
 0002:00000098       __imp_lstrcpyA             0000000180003098     kernel32:KERNEL32.dll
 0002:000000a0       __imp_InitializeCriticalSectionAndSpinCount 00000001800030a0     kernel32:KERNEL32.dll
 0002:000000a8       __imp_GetLastError         00000001800030a8     kernel32:KERNEL32.dll
 0002:000000b0       __imp_DeleteCriticalSection 00000001800030b0     kernel32:KERNEL32.dll
 0002:000000b8       \177KERNEL32_NULL_THUNK_DATA 00000001800030b8     kernel32:KERNEL32.dll
 0002:000000c0       __imp_NCVC_AddDXFData      00000001800030c0     NCVC64:NCVC.exe
 0002:000000c8       __imp_NCVC_SetDXFCutterOrigin 00000001800030c8     NCVC64:NCVC.exe
 0002:000000d0       __imp_NCVC_IsCutterLayer   00000001800030d0     NCVC64:NCVC.exe
 0002:000000d8       __imp_NCVC_IsOriginLayer   00000001800030d8     NCVC64:NCVC.exe
 0002:000000e0       __imp_NCVC_CreateDXFDocument 00000001800030e0     NCVC64:NCVC.exe
 0002:000000e8       __imp_NCVC_AddDXFExtensionFunc 00000001800030e8     NCVC64:NCVC.exe
 0002:000000f0       \177NCVC_NULL_THUNK_DATA   00000001800030f0     NCVC64:NCVC.exe
 0002:000000f8       __imp_memset               00000001800030f8     vcruntime:VCRUNTIME140.dll
 0002:00000100       __imp___CxxFrameHandler3   0000000180003100     vcruntime:VCRUNTIME140.dll
 0002:00000108       __imp___vcrt_InitializeCriticalSectionEx 0000000180003108     vcruntime:VCRUNTIME140.dll
 0002:00000110       __imp___std_type_info_destroy_list 0000000180003110     vcruntime:VCRUNTIME140.dll
 0002:00000118       __imp___C_specific_handler 0000000180003118     vcruntime:VCRUNTIME140.dll
 0002:00000120       \177VCRUNTIME140_NULL_THUNK_DATA 0000000180003120     vcruntime:VCRUNTIME140.dll
 0002:00000128       __imp_atof                 0000000180003128     ucrt:api-ms-win-crt-convert-l1-1-0.dll
 0002:00000130       \177api-ms-win-crt-convert-l1-1-0_NULL_THUNK_DATA 0000000180003130     ucrt:api-ms-win-crt-convert-l1-1-0.dll
 0002:00000138       __imp_free                 0000000180003138     ucrt:api-ms-win-crt-heap-l1-1-0.dll
 0002:00000140       \177api-ms-win-crt-heap-l1-1-0_NULL_THUNK_DATA 0000000180003140     ucrt:api-ms-win-crt-heap-l1-1-0.dll
 0002:00000148       __imp_sin                  0000000180003148     ucrt:api-ms-win-crt-math-l1-1-0.dll
 0002:00000150       __imp_cos                  0000000180003150     ucrt:api-ms-win-crt-math-l1-1-0.dll
 0002:00000158       \177api-ms-win-crt-math-l1-1-0_NULL_THUNK_DATA 0000000180003158     ucrt:api-ms-win-crt-math-l1-1-0.dll
 0002:00000160       __imp__configure_narrow_argv 0000000180003160     ucrt:api-ms-win-crt-runtime-l1-1-0.dll
 0002:00000168       __imp__initterm_e          0000000180003168     ucrt:api-ms-win-crt-runtime-l1-1-0.dll
 0002:00000170       __imp__initterm            0000000180003170     ucrt:api-ms-win-crt-runtime-l1-1-0.dll
 0002:00000178       __imp__cexit               0000000180003178     ucrt:api-ms-win-crt-runtime-l1-1-0.dll
 0002:00000180       __imp__crt_atexit          0000000180003180     ucrt:api-ms-win-crt-runtime-l1-1-0.dll
 0002:00000188       __imp__execute_onexit_table 0000000180003188     ucrt:api-ms-win-crt-runtime-l1-1-0.dll
 0002:00000190       __imp__register_onexit_function 0000000180003190     ucrt:api-ms-win-crt-runtime-l1-1-0.dll
 0002:00000198       __imp__initialize_onexit_table 0000000180003198     ucrt:api-ms-win-crt-runtime-l1-1-0.dll
 0002:000001a0       __imp__initialize_narrow_environment 00000001800031a0     ucrt:api-ms-win-crt-runtime-l1-1-0.dll
 0002:000001a8       __imp__seh_filter_dll      00000001800031a8     ucrt:api-ms-win-crt-runtime-l1-1-0.dll
 0002:000001b0       \177api-ms-win-crt-runtime-l1-1-0_NULL_THUNK_DATA 00000001800031b0     ucrt:api-ms-win-crt-runtime-l1-1-0.dll
 0002:000001b8       __imp_strtok_s             00000001800031b8     ucrt:api-ms-win-crt-string-l1-1-0.dll
 0002:000001c0       \177api-ms-win-crt-string-l1-1-0_NULL_THUNK_DATA 00000001800031c0     ucrt:api-ms-win-crt-string-l1-1-0.dll
 0002:000001c8       __imp_??_U@YAPEAX_K@Z      00000001800031c8     mfc140:mfc140.dll
 0002:000001d0       __imp_??4?$CStringT@DV?$StrTraitMFC_DLL@DV?$ChTraitsCRT@D@ATL@@@@@ATL@@QEAAAEAV01@PEBD@Z 00000001800031d0     mfc140:mfc140.dll
 0002:000001d8       __imp_??1CStdioFile@@UEAA@XZ 00000001800031d8     mfc140:mfc140.dll
 0002:000001e0       __imp_??0CStdioFile@@QEAA@PEBDI@Z 00000001800031e0     mfc140:mfc140.dll
 0002:000001e8       __imp_??0CFileDialog@@QEAA@HPEBD0K0PEAVCWnd@@KH@Z 00000001800031e8     mfc140:mfc140.dll
 0002:000001f0       __imp_??0?$CStringT@DV?$StrTraitMFC_DLL@DV?$ChTraitsCRT@D@ATL@@@@@ATL@@QEAA@XZ 00000001800031f0     mfc140:mfc140.dll
 0002:000001f8       __imp_??1?$CStringT@DV?$StrTraitMFC_DLL@DV?$ChTraitsCRT@D@ATL@@@@@ATL@@QEAA@XZ 00000001800031f8     mfc140:mfc140.dll
 0002:00000200       __imp_?GetPathName@CFileDialog@@QEBA?AV?$CStringT@DV?$StrTraitMFC_DLL@DV?$ChTraitsCRT@D@ATL@@@@@ATL@@XZ 0000000180003200     mfc140:mfc140.dll
 0002:00000208       __imp_?DoModal@CFileDialog@@UEAA_JXZ 0000000180003208     mfc140:mfc140.dll
 0002:00000210       __imp_??1CFileDialog@@UEAA@XZ 0000000180003210     mfc140:mfc140.dll
 0002:00000218       __imp_?AfxGetModuleState@@YAPEAVAFX_MODULE_STATE@@XZ 0000000180003218     mfc140:mfc140.dll
 0002:00000220       __imp_?AfxInitExtensionModule@@YAHAEAUAFX_EXTENSION_MODULE@@PEAUHINSTANCE__@@@Z 0000000180003220     mfc140:mfc140.dll
 0002:00000228       __imp_??2@YAPEAX_K@Z       0000000180003228     mfc140:mfc140.dll
 0002:00000230       __imp_??0CDynLinkLibrary@@QEAA@AEAUAFX_EXTENSION_MODULE@@H@Z 0000000180003230     mfc140:mfc140.dll
 0002:00000238       __imp_?AfxTermExtensionModule@@YAXAEAUAFX_EXTENSION_MODULE@@H@Z 0000000180003238     mfc140:mfc140.dll
 0002:00000240       __imp_?AfxMessageBox@@YAHPEBDII@Z 0000000180003240     mfc140:mfc140.dll
 0002:00000248       __imp_?ReadString@CStdioFile@@UEAAHAEAV?$CStringT@DV?$StrTraitMFC_DLL@DV?$ChTraitsCRT@D@ATL@@@@@ATL@@@Z 0000000180003248     mfc140:mfc140.dll
 0002:00000250       __imp_?Delete@CException@@QEAAXXZ 0000000180003250     mfc140:mfc140.dll
 0002:00000258       __imp_?Format@?$CStringT@DV?$StrTraitMFC_DLL@DV?$ChTraitsCRT@D@ATL@@@@@ATL@@QEAAXPEBDZZ 0000000180003258     mfc140:mfc140.dll
 0002:00000260       __imp_?Empty@?$CSimpleStringT@D$00@ATL@@QEAAXXZ 0000000180003260     mfc140:mfc140.dll
 0002:00000268       __imp_??3@YAXPEAX@Z        0000000180003268     mfc140:mfc140.dll
 0002:00000270       __imp_?FindOneOf@?$CStringT@DV?$StrTraitMFC_DLL@DV?$ChTraitsCRT@D@ATL@@@@@ATL@@QEBAHPEBD@Z 0000000180003270     mfc140:mfc140.dll
 0002:00000278       \177mfc140_NULL_THUNK_DATA 0000000180003278     mfc140:mfc140.dll
 0002:00000280       __guard_check_icall_fptr   0000000180003280     msvcrt:guard_support.obj
 0002:00000288       __guard_dispatch_icall_fptr 0000000180003288     msvcrt:guard_support.obj
 0002:00000290       __xc_a                     0000000180003290     msvcrt:initializers.obj
 0002:000002a0       __xc_z                     00000001800032a0     msvcrt:initializers.obj
 0002:000002a8       __xi_a                     00000001800032a8     msvcrt:initializers.obj
 0002:000002b8       __xi_z                     00000001800032b8     msvcrt:initializers.obj
 0002:000002c0       __xl_a                     00000001800032c0     msvcrt:tlssup.obj
 0002:000002c8       __xl_z                     00000001800032c8     msvcrt:tlssup.obj
 0002:000002d0       __xp_a                     00000001800032d0     msvcrt:initializers.obj
 0002:000002d8       __xp_z                     00000001800032d8     msvcrt:initializers.obj
 0002:000002e0       __xt_a                     00000001800032e0     msvcrt:initializers.obj
 0002:000002e8       __xt_z                     00000001800032e8     msvcrt:initializers.obj
 0002:000002f8       ??_7type_info@@6B@         00000001800032f8     msvcrt:std_type_info_static.obj
 0002:00000300       ??_C@_1BK@MGMFAEKH@?$AAk?$AAe?$AAr?$AAn?$AAe?$AAl?$AA3?$AA2?$AA?4?$AAd?$AAl?$AAl?$AA?$AA@ 0000000180003300     msvcrt:thread_safe_statics.obj
 0002:00000320       ??_C@_0BM@HLJJNPAH@InitializeConditionVariable?$AA@ 0000000180003320     msvcrt:thread_safe_statics.obj
 0002:00000340       ??_C@_0BJ@JEBJOJFJ@SleepConditionVariableCS?$AA@ 0000000180003340     msvcrt:thread_safe_statics.obj
 0002:00000360       ??_C@_0BJ@PGPPEPCC@WakeAllConditionVariable?$AA@ 0000000180003360     msvcrt:thread_safe_statics.obj
 0002:00000380       _pDefaultRawDllMain        0000000180003380     msvcrt:dll_dllmain.obj
 0002:00000398       GUID_ATLVer110             0000000180003398     atls:atlbase.obj
 0002:000003b0       ??_C@_1IC@ONKHOIDK@?$AAE?$AAR?$AAR?$AAO?$AAR?$AA?5?$AA?3?$AA?5?$AAU?$AAn?$AAa?$AAb?$AAl?$AAe?$AA?5?$AAt?$AAo?$AA?5?$AAi?$AAn?$AAi?$AAt?$AAi?$AAa?$AAl?$AAi?$AAz?$AAe?$AA?5?$AAc?$AAr?$AAi@ 00000001800033b0     atls:atlbase.obj
 0002:00000434       ??_C@_03NIPKHAHH@csv?$AA@  0000000180003434     ReadCSV.obj
 0002:00000438       ??_C@_07PAPACHPF@ReadCSV?$AA@ 0000000180003438     ReadCSV.obj
 0002:00000440       ??_C@_0BC@NMOCMHPC@MNCT?5Yoshiro?5Nose?$AA@ 0000000180003440     ReadCSV.obj
 0002:00000458       ??_C@_0CC@KOBKPKEL@http?3?1?1s?9gikan2?4maizuru?9ct?4ac?4jp@ 0000000180003458     ReadCSV.obj
 0002:00000480       ??_C@_0EG@HOLGLOCO@CSV?5files?5?$CI?$CK?4csv?$CJ?$HM?$CK?4csv?$HMText?5fil@ 0000000180003480     ReadCSV.obj
 0002:000004c8       ??_C@_03NNNAMNMM@?0?5?7?$AA@ 00000001800034c8     ReadCSV.obj
 0002:000004d0       ??_C@_0P@ILLCNIIE@Out?5of?5memory?4?$AA@ 00000001800034d0     ReadCSV.obj
 0002:000004e0       ??_C@_0BN@NEHKLDFL@?L?$KH?$LC?Y?$LB?$LI?$LO?$LN?$IC?E?$JH?a?$IKO?$IC?$KK?$JE?$KN?$JA?$LG?$IC?$LF?$IC?$NM?$IC?$LF?$IC?$LN?$AA@ 00000001800034e0     ReadCSV.obj
 0002:00000500       ??_C@_0CC@KKBHMEIB@?$CFd?5?$IM?B?$IC?L?$JG?$LD?$IM?x?$IC?H?$IDf?$IB?$FL?$ID?$FO?$IC?$KK?$IC?$KA?$IC?h?$IC?$NM?$IC?$LF?$IC?$LN?$IB@ 0000000180003500     ReadCSV.obj
 0002:00000528       ??_C@_0CD@FAKLJFKM@?$JD_?$IDf?$IB?$FL?$ID?$FO?$IC?L?$JD?G?$IC?$NN?$IN?$JO?$IC?$NN?$IC?I?$IO?$LI?$JEs?$IC?$LF?$IC?$NM?$IC?$LF?$IC?$LN@ 0000000180003528     ReadCSV.obj
 0002:00000550       ??_C@_0CD@LFDKAPA@?$JA?$PM?$IDf?$IB?$FL?$ID?$FO?$IC?L?$JD?G?$IC?$NN?$IN?$JO?$IC?$NN?$IC?I?$IO?$LI?$JEs?$IC?$LF?$IC?$NM?$IC?$LF?$IC?$LN@ 0000000180003550     ReadCSV.obj
 0002:00000578       ??_C@_0DB@GMOKDCPJ@?$IJ?$HO?$CI?$IM?J?$CJ?$IC?$NM?$IC?$LN?$IC?M?$JB?H?$IJ?$HO?$IDf?$IB?$FL?$ID?$FO?$IC?L?$JD?G?$IC?$NN?$IN?$JO?$IC?$NN@ 0000000180003578     ReadCSV.obj
 0002:000005f8       _pRawDllMain               00000001800035f8     ReadCSV.obj
 0002:00000628       __real@3f91df46a2529d39    0000000180003628     ReadCSV.obj
 0002:00000630       __xmm@3f91df46a2529d393f91df46a2529d39 0000000180003630     ReadCSV.obj
 0002:000006b0       _load_config_used          00000001800036b0     msvcrt:loadcfg.obj
 0002:00000748       _tls_used                  0000000180003748     msvcrt:tlssup.obj
 0002:00000770       ??_R4type_info@@6B@        0000000180003770     msvcrt:std_type_info_static.obj
 0002:00000798       ??_R3type_info@@8          0000000180003798     msvcrt:std_type_info_static.obj
 0002:000007b0       ??_R2type_info@@8          00000001800037b0     msvcrt:std_type_info_static.obj
 0002:000007c0       ??_R1A@?0A@EA@type_info@@8 00000001800037c0     msvcrt:std_type_info_static.obj
 0002:00000ba8       __rtc_iaa                  0000000180003ba8     msvcrt:_initsect_.obj
 0002:00000bb0       __rtc_izz                  0000000180003bb0     msvcrt:_initsect_.obj
 0002:00000bb8       __rtc_taa                  0000000180003bb8     msvcrt:_initsect_.obj
 0002:00000bc0       __rtc_tzz                  0000000180003bc0     msvcrt:_initsect_.obj
 0002:00000fd8       __IMPORT_DESCRIPTOR_NCVC   0000000180003fd8     NCVC64:NCVC.exe
 0002:00000fec       __IMPORT_DESCRIPTOR_mfc140 0000000180003fec     mfc140:mfc140.dll
 0002:00001000       __IMPORT_DESCRIPTOR_KERNEL32 0000000180004000     kernel32:KERNEL32.dll
 0002:00001014       __IMPORT_DESCRIPTOR_VCRUNTIME140 0000000180004014     vcruntime:VCRUNTIME140.dll
 0002:00001028       __IMPORT_DESCRIPTOR_api-ms-win-crt-string-l1-1-0 0000000180004028     ucrt:api-ms-win-crt-string-l1-1-0.dll
 0002:0000103c       __IMPORT_DESCRIPTOR_api-ms-win-crt-convert-l1-1-0 000000018000403c     ucrt:api-ms-win-crt-convert-l1-1-0.dll
 0002:00001050       __IMPORT_DESCRIPTOR_api-ms-win-crt-heap-l1-1-0 0000000180004050     ucrt:api-ms-win-crt-heap-l1-1-0.dll
 0002:00001064       __IMPORT_DESCRIPTOR_api-ms-win-crt-runtime-l1-1-0 0000000180004064     ucrt:api-ms-win-crt-runtime-l1-1-0.dll
 0002:00001078       __IMPORT_DESCRIPTOR_api-ms-win-crt-math-l1-1-0 0000000180004078     ucrt:api-ms-win-crt-math-l1-1-0.dll
 0002:0000108c       __NULL_IMPORT_DESCRIPTOR   000000018000408c     NCVC64:NCVC.exe
 0003:00000000       _Init_global_epoch         0000000180005000     msvcrt:thread_safe_statics.obj
 0003:00000004       __scrt_native_dllmain_reason 0000000180005004     msvcrt:utility.obj
 0003:00000008       __security_cookie          0000000180005008     msvcrt:gs_cookie.obj
 0003:00000010       __security_cookie_complement 0000000180005010     msvcrt:gs_cookie.obj
 0003:00000018       __isa_available            0000000180005018     msvcrt:_cpu_disp_.obj
 0003:0000001c       __isa_enabled              000000018000501c     msvcrt:_cpu_disp_.obj
 0003:00000020       __memcpy_nt_iters          0000000180005020     msvcrt:_cpu_disp_.obj
 0003:00000030       __scrt_ucrt_dll_is_in_use  0000000180005030     msvcrt:ucrt_stubs.obj
 0003:00000034       _fltused                   0000000180005034     msvcrt:dllsupp.obj
 0003:00000038       ??_R0?AVtype_info@@@8      0000000180005038     msvcrt:std_type_info_static.obj
 0003:00000058       ??_R0PEAVCFileException@@@8 0000000180005058     ReadCSV.obj
 0003:00000080       ??_R0PEAVCMemoryException@@@8 0000000180005080     ReadCSV.obj
 0003:000000b0       __afxForceEXCLUDE          00000001800050b0     mfcs140:nolib.obj
 0003:000000b4       __afxForceSTDAFX           00000001800050b4     mfcs140:stdafx.obj
 0003:00000100       __scrt_current_native_startup_state 0000000180005100     msvcrt:utility.obj
 0003:00000108       __scrt_native_startup_lock 0000000180005108     msvcrt:utility.obj
 0003:00000148       _tls_index                 0000000180005148     msvcrt:tlssup.obj
 0003:000006c0       __scrt_debugger_hook_flag  00000001800056c0     msvcrt:utility_desktop.obj
 0003:000006c4       __favor                    00000001800056c4     msvcrt:_cpu_disp_.obj
 0003:000006d0       ?__type_info_root_node@@3U__type_info_node@@A 00000001800056d0     msvcrt:tncleanup.obj
 0003:000006e0       ?_OptionsStorage@?1??__local_stdio_printf_options@@9@4_KA 00000001800056e0     msvcrt:default_local_stdio_options.obj
 0003:000006e8       ?_OptionsStorage@?1??__local_stdio_scanf_options@@9@4_KA 00000001800056e8     msvcrt:default_local_stdio_options.obj
 0003:000006f0       ?_AtlBaseModule@ATL@@3VCAtlBaseModule@1@A 00000001800056f0     atls:atlbase.obj
 0003:00000750       __@@_PchSym_@00@UwwUexgllohUexHoryhUhsrkUzgonuxUhixUzgoUzgohUlyqBiUznwGEUhgwzucOlyq@CB7A8FA0488D52BF 0000000180005750     atls:stdafx.obj
 0003:00000780       __@@_PchSym_@00@UfhvihUnztzizUwlxfnvmghUerhfzoLhgfwrlLCABFUkilqvxghUmxexOzwwrmUivzwxheUivzwxheUivovzhvGEUhgwzucOlyq@69452A2BAAF6D015 0000000180005780     stdafx.obj
 0003:00000784       ?m_bInitFailed@CAtlBaseModule@ATL@@2_NA 0000000180005784     stdafx.obj
 0003:00000788       __dyn_tls_init_callback    0000000180005788     <common>
 0006:00000000       _tls_start                 0000000180008000     msvcrt:tlssup.obj
 0006:00000004       _Init_thread_epoch         0000000180008004     msvcrt:thread_safe_statics.obj
 0006:00000008       _tls_end                   0000000180008008     msvcrt:tlssup.obj

 entry point at        0001:000012e8

 Static symbols

 0000:ffff5000       .debug$S                   0000000180000000     vcruntime:VCRUNTIME140.dll
 0000:ffff5000       .debug$S                   0000000180000000     kernel32:KERNEL32.dll
 0000:ffff5000       .debug$S                   0000000180000000     kernel32:KERNEL32.dll
 0000:ffff5000       .debug$S                   0000000180000000     ucrt:api-ms-win-crt-convert-l1-1-0.dll
 0000:ffff5000       .debug$S                   0000000180000000     kernel32:KERNEL32.dll
 0000:ffff5000       .debug$S                   0000000180000000     kernel32:KERNEL32.dll
 0000:ffff5000       .debug$S                   0000000180000000     kernel32:KERNEL32.dll
 0000:ffff5000       .debug$S                   0000000180000000     kernel32:KERNEL32.dll
 0000:ffff5000       .debug$S                   0000000180000000     kernel32:KERNEL32.dll
 0000:ffff5000       .debug$S                   0000000180000000     kernel32:KERNEL32.dll
 0000:ffff5000       .debug$S                   0000000180000000     kernel32:KERNEL32.dll
 0000:ffff5000       .debug$S                   0000000180000000     kernel32:KERNEL32.dll
 0000:ffff5000       .debug$S                   0000000180000000     kernel32:KERNEL32.dll
 0000:ffff5000       .debug$S                   0000000180000000     kernel32:KERNEL32.dll
 0000:ffff5000       .debug$S                   0000000180000000     kernel32:KERNEL32.dll
 0000:ffff5000       .debug$S                   0000000180000000     kernel32:KERNEL32.dll
 0000:ffff5000       .debug$S                   0000000180000000     ucrt:api-ms-win-crt-heap-l1-1-0.dll
 0000:ffff5000       .debug$S                   0000000180000000     kernel32:KERNEL32.dll
 0000:ffff5000       .debug$S                   0000000180000000     kernel32:KERNEL32.dll
 0000:ffff5000       .debug$S                   0000000180000000     kernel32:KERNEL32.dll
 0000:ffff5000       .debug$S                   0000000180000000     kernel32:KERNEL32.dll
 0000:ffff5000       .debug$S                   0000000180000000     kernel32:KERNEL32.dll
 0000:ffff5000       .debug$S                   0000000180000000     kernel32:KERNEL32.dll
 0000:ffff5000       .debug$S                   0000000180000000     ucrt:api-ms-win-crt-heap-l1-1-0.dll
 0000:ffff5000       .debug$S                   0000000180000000     kernel32:KERNEL32.dll
 0000:ffff5000       .debug$S                   0000000180000000     ucrt:api-ms-win-crt-math-l1-1-0.dll
 0000:ffff5000       .debug$S                   0000000180000000     kernel32:KERNEL32.dll
 0000:ffff5000       .debug$S                   0000000180000000     ucrt:api-ms-win-crt-math-l1-1-0.dll
 0000:ffff5000       .debug$S                   0000000180000000     kernel32:KERNEL32.dll
 0000:ffff5000       .debug$S                   0000000180000000     ucrt:api-ms-win-crt-runtime-l1-1-0.dll
 0000:ffff5000       .debug$S                   0000000180000000     kernel32:KERNEL32.dll
 0000:ffff5000       .debug$S                   0000000180000000     ucrt:api-ms-win-crt-runtime-l1-1-0.dll
 0000:ffff5000       .debug$S                   0000000180000000     kernel32:KERNEL32.dll
 0000:ffff5000       .debug$S                   0000000180000000     ucrt:api-ms-win-crt-runtime-l1-1-0.dll
 0000:ffff5000       .debug$S                   0000000180000000     ucrt:api-ms-win-crt-runtime-l1-1-0.dll
 0000:ffff5000       .debug$S                   0000000180000000     ucrt:api-ms-win-crt-runtime-l1-1-0.dll
 0000:ffff5000       .debug$S                   0000000180000000     ucrt:api-ms-win-crt-runtime-l1-1-0.dll
 0000:ffff5000       .debug$S                   0000000180000000     ucrt:api-ms-win-crt-runtime-l1-1-0.dll
 0000:ffff5000       .debug$S                   0000000180000000     ucrt:api-ms-win-crt-runtime-l1-1-0.dll
 0000:ffff5000       .debug$S                   0000000180000000     kernel32:KERNEL32.dll
 0000:ffff5000       .debug$S                   0000000180000000     ReadCSV.exp
 0000:ffff5000       .debug$S                   0000000180000000     kernel32:KERNEL32.dll
 0000:ffff5000       .debug$S                   0000000180000000     kernel32:KERNEL32.dll
 0000:ffff5000       .debug$S                   0000000180000000     kernel32:KERNEL32.dll
 0000:ffff5000       .debug$S                   0000000180000000     kernel32:KERNEL32.dll
 0000:ffff5000       .debug$S                   0000000180000000     kernel32:KERNEL32.dll
 0000:ffff5000       .debug$S                   0000000180000000     kernel32:KERNEL32.dll
 0000:ffff5000       .debug$S                   0000000180000000     kernel32:KERNEL32.dll
 0000:ffff5000       .debug$S                   0000000180000000     NCVC64:NCVC.exe
 0000:ffff5000       .debug$S                   0000000180000000     NCVC64:NCVC.exe
 0000:ffff5000       .debug$S                   0000000180000000     NCVC64:NCVC.exe
 0000:ffff5000       .debug$S                   0000000180000000     NCVC64:NCVC.exe
 0000:ffff5000       .debug$S                   0000000180000000     NCVC64:NCVC.exe
 0000:ffff5000       .debug$S                   0000000180000000     NCVC64:NCVC.exe
 0000:ffff5000       .debug$S                   0000000180000000     kernel32:KERNEL32.dll
 0000:ffff5000       .debug$S                   0000000180000000     kernel32:KERNEL32.dll
 0000:ffff5000       .debug$S                   0000000180000000     mfc140:mfc140.dll
 0000:ffff5000       .debug$S                   0000000180000000     mfc140:mfc140.dll
 0000:ffff5000       .debug$S                   0000000180000000     mfc140:mfc140.dll
 0000:ffff5000       .debug$S                   0000000180000000     mfc140:mfc140.dll
 0000:ffff5000       .debug$S                   0000000180000000     mfc140:mfc140.dll
 0000:ffff5000       .debug$S                   0000000180000000     mfc140:mfc140.dll
 0000:ffff5000       .debug$S                   0000000180000000     mfc140:mfc140.dll
 0000:ffff5000       .debug$S                   0000000180000000     mfc140:mfc140.dll
 0000:ffff5000       .debug$S                   0000000180000000     mfc140:mfc140.dll
 0000:ffff5000       .debug$S                   0000000180000000     mfc140:mfc140.dll
 0000:ffff5000       .debug$S                   0000000180000000     mfc140:mfc140.dll
 0000:ffff5000       .debug$S                   0000000180000000     mfc140:mfc140.dll
 0000:ffff5000       .debug$S                   0000000180000000     mfc140:mfc140.dll
 0000:ffff5000       .debug$S                   0000000180000000     mfc140:mfc140.dll
 0000:ffff5000       .debug$S                   0000000180000000     mfc140:mfc140.dll
 0000:ffff5000       .debug$S                   0000000180000000     mfc140:mfc140.dll
 0000:ffff5000       .debug$S                   0000000180000000     mfc140:mfc140.dll
 0000:ffff5000       .debug$S                   0000000180000000     mfc140:mfc140.dll
 0000:ffff5000       .debug$S                   0000000180000000     mfc140:mfc140.dll
 0000:ffff5000       .debug$S                   0000000180000000     mfc140:mfc140.dll
 0000:ffff5000       .debug$S                   0000000180000000     mfc140:mfc140.dll
 0000:ffff5000       .debug$S                   0000000180000000     mfc140:mfc140.dll
 0000:ffff5000       .debug$S                   0000000180000000     mfc140:mfc140.dll
 0000:ffff5000       .debug$S                   0000000180000000     mfc140:mfc140.dll
 0000:ffff5000       .debug$S                   0000000180000000     mfc140:mfc140.dll
 0000:ffff5000       .debug$S                   0000000180000000     mfc140:mfc140.dll
 0000:ffff5000       .debug$S                   0000000180000000     kernel32:KERNEL32.dll
 0000:ffff5000       .debug$S                   0000000180000000     ucrt:api-ms-win-crt-runtime-l1-1-0.dll
 0000:ffff5000       .debug$S                   0000000180000000     kernel32:KERNEL32.dll
 0000:ffff5000       .debug$S                   0000000180000000     ucrt:api-ms-win-crt-runtime-l1-1-0.dll
 0000:ffff5000       .debug$S                   0000000180000000     kernel32:KERNEL32.dll
 0000:ffff5000       .debug$S                   0000000180000000     ucrt:api-ms-win-crt-runtime-l1-1-0.dll
 0000:ffff5000       .debug$S                   0000000180000000     kernel32:KERNEL32.dll
 0000:ffff5000       .debug$S                   0000000180000000     kernel32:KERNEL32.dll
 0000:ffff5000       .debug$S                   0000000180000000     kernel32:KERNEL32.dll
 0000:ffff5000       .debug$S                   0000000180000000     kernel32:KERNEL32.dll
 0000:ffff5000       .debug$S                   0000000180000000     kernel32:KERNEL32.dll
 0000:ffff5000       .debug$S                   0000000180000000     ucrt:api-ms-win-crt-runtime-l1-1-0.dll
 0000:ffff5000       .debug$S                   0000000180000000     kernel32:KERNEL32.dll
 0000:ffff5000       .debug$S                   0000000180000000     ucrt:api-ms-win-crt-runtime-l1-1-0.dll
 0000:ffff5000       .debug$S                   0000000180000000     ucrt:api-ms-win-crt-runtime-l1-1-0.dll
 0000:ffff5000       .debug$S                   0000000180000000     kernel32:KERNEL32.dll
 0000:ffff5000       .debug$S                   0000000180000000     kernel32:KERNEL32.dll
 0000:ffff5000       .debug$S                   0000000180000000     user32:USER32.dll
 0002:ffffd000       .idata$6                   0000000180000000     user32:USER32.dll
 0000:ffff5000       .debug$S                   0000000180000000     ucrt:api-ms-win-crt-string-l1-1-0.dll
 0000:ffff5000       .debug$S                   0000000180000000     oleaut32:OLEAUT32.dll
 0002:ffffd000       .idata$6                   0000000180000000     oleaut32:OLEAUT32.dll
 0000:ffff5000       .debug$S                   0000000180000000     vcruntime:VCRUNTIME140.dll
 0000:ffff5000       .debug$S                   0000000180000000     vcruntime:VCRUNTIME140.dll
 0000:ffff5000       .debug$S                   0000000180000000     vcruntime:VCRUNTIME140.dll
 0000:ffff5000       .debug$S                   0000000180000000     kernel32:KERNEL32.dll
 0000:ffff5000       .debug$S                   0000000180000000     vcruntime:VCRUNTIME140.dll
 0000:ffff5000       .debug$S                   0000000180000000     vcruntime:VCRUNTIME140.dll
 0000:ffff5000       .debug$S                   0000000180000000     vcruntime:VCRUNTIME140.dll
 0001:00000000       ??__E_AtlBaseModule@ATL@@YAXXZ 0000000180001000 f   atls:atlbase.obj
 0001:000009dc       $LN141                     00000001800019dc     ReadCSV.obj
 0001:00000a10       $$000000                   0000000180001a10     msvcrt:_amdsecgs_.obj
 0001:00000a78       ?__scrt_initialize_thread_safe_statics@@YAHXZ 0000000180001a78 f   msvcrt:thread_safe_statics.obj
 0001:00000b98       ?__scrt_uninitialize_thread_safe_statics@@YAXXZ 0000000180001b98 f   msvcrt:thread_safe_statics.obj
 0001:00000f9c       ?dllmain_crt_dispatch@@YAHQEAUHINSTANCE__@@KQEAX@Z 0000000180001f9c f   msvcrt:dll_dllmain.obj
 0001:00000fec       ?dllmain_crt_process_attach@@YAHQEAUHINSTANCE__@@QEAX@Z 0000000180001fec f   msvcrt:dll_dllmain.obj
 0001:00001118       ?dllmain_crt_process_detach@@YAH_N@Z 0000000180002118 f   msvcrt:dll_dllmain.obj
 0001:0000119c       ?dllmain_dispatch@@YAHQEAUHINSTANCE__@@KQEAX@Z 000000018000219c f   msvcrt:dll_dllmain.obj
 0001:00001294       ?dllmain_raw@@YAHQEAUHINSTANCE__@@KQEAX@Z 0000000180002294 f   msvcrt:dll_dllmain.obj
 0001:00001438       capture_previous_context   0000000180002438 f   msvcrt:gs_report.obj
 0001:00001bd0       $$000000                   0000000180002bd0     msvcrt:_guard_dispatch_.obj
 0001:00001bf0       ReadCSV$dtor$0             0000000180002bf0 f   ReadCSV.obj
 0001:00001bfe       ReadCSV$dtor$1             0000000180002bfe f   ReadCSV.obj
 0001:00001c0c       ReadCSV$dtor$2             0000000180002c0c f   ReadCSV.obj
 0001:00001c1a       ReadCSV$dtor$3             0000000180002c1a f   ReadCSV.obj
 0001:00001c28       ReadCSV$catch$5            0000000180002c28 f   ReadCSV.obj
 0001:00001c35       __catch$ReadCSV$0          0000000180002c35 f   ReadCSV.obj
 0001:00001c68       ReadCSV$catch$6            0000000180002c68 f   ReadCSV.obj
 0001:00001c75       __catch$ReadCSV$1          0000000180002c75 f   ReadCSV.obj
 0001:00001ca8       __scrt_is_nonwritable_in_current_image$filt$0 0000000180002ca8 f   msvcrt:utility.obj
 0001:00001cc0       ?fin$0@?0??dllmain_crt_process_attach@@YAHQEAUHINSTANCE__@@QEAX@Z@4HA 0000000180002cc0 f   msvcrt:dll_dllmain.obj
 0001:00001cd7       ?fin$0@?0??dllmain_crt_process_detach@@YAH_N@Z@4HA 0000000180002cd7 f   msvcrt:dll_dllmain.obj
 0001:00001cf3       ?filt$0@?0??dllmain_dispatch@@YAHQEAUHINSTANCE__@@KQEAX@Z@4HA 0000000180002cf3 f   msvcrt:dll_dllmain.obj
 0001:00001d30       ??__F_AtlBaseModule@ATL@@YAXXZ 0000000180002d30 f   atls:atlbase.obj
 0002:00000298       ?_AtlBaseModule$initializer$@ATL@@3P6AXXZEA 0000000180003298     atls:atlbase.obj
 0002:000002b0       ?__scrt_initialize_tss_var@@3P6AHXZEA 00000001800032b0     msvcrt:thread_safe_statics.obj
 0002:00000388       GS_ExceptionPointers       0000000180003388     msvcrt:gs_report.obj
 0002:000005b0       ?szReadFuncName@?1??NCVC_Initialize@@9@4QBDB 00000001800035b0     ReadCSV.obj
 0002:000005c0       ?szReadMenuName@?1??NCVC_Initialize@@9@4QBDB 00000001800035c0     ReadCSV.obj
 0002:000005d8       ?nReadMenu@?1??NCVC_Initialize@@9@4QBHB 00000001800035d8     ReadCSV.obj
 0002:000005e8       ?g_szSerialFunc@@3PEBDEB   00000001800035e8     ReadCSV.obj
 0002:000005f0       ?g_szFileExt@@3PAPEBDA     00000001800035f0     ReadCSV.obj
 0002:00000600       $cppxdata$ReadCSV          0000000180003600     ReadCSV.obj
 0002:00000bd0       $unwind$__scrt_dllmain_uninitialize_critical 0000000180003bd0     msvcrt:utility.obj
 0002:00000bd0       $unwind$??__E_AtlBaseModule@ATL@@YAXXZ 0000000180003bd0     atls:atlbase.obj
 0002:00000bd0       $unwind$__scrt_dllmain_crt_thread_detach 0000000180003bd0     msvcrt:utility.obj
 0002:00000bd0       $unwind$?dllmain_crt_dispatch@@YAHQEAUHINSTANCE__@@KQEAX@Z 0000000180003bd0     msvcrt:dll_dllmain.obj
 0002:00000bd0       $unwind$__scrt_dllmain_uninitialize_c 0000000180003bd0     msvcrt:utility.obj
 0002:00000bd0       $unwind$__scrt_dllmain_after_initialize_c 0000000180003bd0     msvcrt:utility.obj
 0002:00000bd0       $unwind$?__scrt_uninitialize_thread_safe_statics@@YAXXZ 0000000180003bd0     msvcrt:thread_safe_statics.obj
 0002:00000bd0       $unwind$ExtRawDllMain      0000000180003bd0     ReadCSV.obj
 0002:00000bd0       $unwind$__scrt_dllmain_before_initialize_c 0000000180003bd0     msvcrt:utility.obj
 0002:00000bd0       $unwind$__GSHandlerCheck   0000000180003bd0     msvcrt:_gshandler_.obj
 0002:00000bd0       $unwind$__scrt_acquire_startup_lock 0000000180003bd0     msvcrt:utility.obj
 0002:00000bd0       $unwind$__scrt_initialize_default_local_stdio_options 0000000180003bd0     msvcrt:default_local_stdio_options.obj
 0002:00000bd0       $unwind$atexit             0000000180003bd0     msvcrt:utility.obj
 0002:00000bd0       $unwind$__scrt_dllmain_crt_thread_attach 0000000180003bd0     msvcrt:utility.obj
 0002:00000bd8       $unwind$__scrt_release_startup_lock 0000000180003bd8     msvcrt:utility.obj
 0002:00000bd8       $unwind$??_Gtype_info@@UEAAPEAXI@Z 0000000180003bd8     msvcrt:std_type_info_static.obj
 0002:00000bd8       $unwind$__scrt_uninitialize_crt 0000000180003bd8     msvcrt:utility.obj
 0002:00000bd8       $unwind$DllMain            0000000180003bd8     ReadCSV.obj
 0002:00000bd8       $unwind$__raise_securityfailure 0000000180003bd8     msvcrt:gs_report.obj
 0002:00000bd8       $unwind$_onexit            0000000180003bd8     msvcrt:utility.obj
 0002:00000bd8       $unwind$__scrt_initialize_crt 0000000180003bd8     msvcrt:utility.obj
 0002:00000bd8       $unwind$??1CAtlBaseModule@ATL@@QEAA@XZ 0000000180003bd8     atls:atlbase.obj
 0002:00000be0       $unwind$_DllMainCRTStartup 0000000180003be0     msvcrt:dll_dllmain.obj
 0002:00000be0       $unwind$_RTC_Terminate     0000000180003be0     msvcrt:_initsect_.obj
 0002:00000be0       $unwind$?__scrt_initialize_thread_safe_statics@@YAHXZ 0000000180003be0     msvcrt:thread_safe_statics.obj
 0002:00000be0       $unwind$NCVC_Initialize    0000000180003be0     ReadCSV.obj
 0002:00000be0       $unwind$_RTC_Initialize    0000000180003be0     msvcrt:_initsect_.obj
 0002:00000bf0       $unwind$ReadCSV_Menu       0000000180003bf0     ReadCSV.obj
 0002:00000c00       $unwind$ReadCSV            0000000180003c00     ReadCSV.obj
 0002:00000c38       $stateUnwindMap$ReadCSV    0000000180003c38     ReadCSV.obj
 0002:00000c68       $tryMap$ReadCSV            0000000180003c68     ReadCSV.obj
 0002:00000c7c       $handlerMap$0$ReadCSV      0000000180003c7c     ReadCSV.obj
 0002:00000cb0       $ip2state$ReadCSV          0000000180003cb0     ReadCSV.obj
 0002:00000e08       $unwind$ReadCSV$catch$6    0000000180003e08     ReadCSV.obj
 0002:00000e08       $unwind$ReadCSV$catch$5    0000000180003e08     ReadCSV.obj
 0002:00000e18       $xdatasym                  0000000180003e18     msvcrt:_amdsecgs_.obj
 0002:00000e1c       $unwind$__scrt_is_nonwritable_in_current_image 0000000180003e1c     msvcrt:utility.obj
 0002:00000e3c       $unwind$__scrt_is_nonwritable_in_current_image$filt$0 0000000180003e3c     msvcrt:utility.obj
 0002:00000e44       $unwind$__scrt_initialize_onexit_tables 0000000180003e44     msvcrt:utility.obj
 0002:00000e50       $unwind$?dllmain_raw@@YAHQEAUHINSTANCE__@@KQEAX@Z 0000000180003e50     msvcrt:dll_dllmain.obj
 0002:00000e50       $unwind$__scrt_dllmain_exception_filter 0000000180003e50     msvcrt:utility.obj
 0002:00000e64       $unwind$?dllmain_crt_process_attach@@YAHQEAUHINSTANCE__@@QEAX@Z 0000000180003e64     msvcrt:dll_dllmain.obj
 0002:00000e90       $unwind$?dllmain_crt_process_detach@@YAH_N@Z 0000000180003e90     msvcrt:dll_dllmain.obj
 0002:00000eb8       $unwind$?fin$0@?0??dllmain_crt_process_detach@@YAH_N@Z@4HA 0000000180003eb8     msvcrt:dll_dllmain.obj
 0002:00000eb8       $unwind$?fin$0@?0??dllmain_crt_process_attach@@YAHQEAUHINSTANCE__@@QEAX@Z@4HA 0000000180003eb8     msvcrt:dll_dllmain.obj
 0002:00000ec0       $unwind$?dllmain_dispatch@@YAHQEAUHINSTANCE__@@KQEAX@Z 0000000180003ec0     msvcrt:dll_dllmain.obj
 0002:00000ee8       $unwind$?filt$0@?0??dllmain_dispatch@@YAHQEAUHINSTANCE__@@KQEAX@Z@4HA 0000000180003ee8     msvcrt:dll_dllmain.obj
 0002:00000ef0       $unwind$__report_gsfailure 0000000180003ef0     msvcrt:gs_report.obj
 0002:00000ef8       $unwind$capture_previous_context 0000000180003ef8     msvcrt:gs_report.obj
 0002:00000f04       $unwind$__scrt_fastfail    0000000180003f04     msvcrt:utility_desktop.obj
 0002:00000f14       $unwind$__isa_available_init 0000000180003f14     msvcrt:_cpu_disp_.obj
 0002:00000f24       $unwind$__security_init_cookie 0000000180003f24     msvcrt:gs_support.obj
 0002:00000f30       $unwind$__GSHandlerCheckCommon 0000000180003f30     msvcrt:_gshandler_.obj
 0002:00000f38       $xdatasym                  0000000180003f38     msvcrt:_guard_dispatch_.obj
 0002:00000f3c       $unwind$??0CAtlBaseModule@ATL@@QEAA@XZ 0000000180003f3c     atls:atlbase.obj
 0002:00000f48       $unwind$__GSHandlerCheck_EH 0000000180003f48     msvcrt:gshandlereh.obj
 0002:00000f60       .edata                     0000000180003f60     ReadCSV.exp
 0002:00000f88       rgpv                       0000000180003f88     ReadCSV.exp
 0002:00000f94       rgszName                   0000000180003f94     ReadCSV.exp
 0002:00000fa0       rgwOrd                     0000000180003fa0     ReadCSV.exp
 0002:00000fa6       szName                     0000000180003fa6     ReadCSV.exp
 0002:00000fb2       $N00001                    0000000180003fb2     ReadCSV.exp
 0002:00000fc2       $N00002                    0000000180003fc2     ReadCSV.exp
 0002:00000fca       $N00003                    0000000180003fca     ReadCSV.exp
 0002:000013ae       .idata$6                   00000001800043ae     NCVC64:NCVC.exe
 0002:000013b8       .idata$6                   00000001800043b8     mfc140:mfc140.dll
 0002:000015ae       .idata$6                   00000001800045ae     kernel32:KERNEL32.dll
 0002:0000163a       .idata$6                   000000018000463a     vcruntime:VCRUNTIME140.dll
 0002:00001738       .idata$6                   0000000180004738     ucrt:api-ms-win-crt-string-l1-1-0.dll
 0002:0000175a       .idata$6                   000000018000475a     ucrt:api-ms-win-crt-convert-l1-1-0.dll
 0002:0000177c       .idata$6                   000000018000477c     ucrt:api-ms-win-crt-heap-l1-1-0.dll
 0002:0000179c       .idata$6                   000000018000479c     ucrt:api-ms-win-crt-runtime-l1-1-0.dll
 0002:000017e0       .idata$6                   00000001800047e0     ucrt:api-ms-win-crt-math-l1-1-0.dll
 0003:000000b8       ?_Tss_mutex@@3U_RTL_CRITICAL_SECTION@@A 00000001800050b8     msvcrt:thread_safe_statics.obj
 0003:000000e0       ?_Tss_cv@@3U_RTL_CONDITION_VARIABLE@@A 00000001800050e0     msvcrt:thread_safe_statics.obj
 0003:000000e8       ?_Tss_event@@3PEAXEA       00000001800050e8     msvcrt:thread_safe_statics.obj
 0003:000000f0       ?encoded_sleep_condition_variable_cs@@3P6AHPEAU_RTL_CONDITION_VARIABLE@@PEAU_RTL_CRITICAL_SECTION@@K@ZEA 00000001800050f0     msvcrt:thread_safe_statics.obj
 0003:000000f8       ?encoded_wake_all_condition_variable@@3P6AXPEAU_RTL_CONDITION_VARIABLE@@@ZEA 00000001800050f8     msvcrt:thread_safe_statics.obj
 0003:00000110       ?module_local_atexit_table@@3U_onexit_table_t@@A 0000000180005110     msvcrt:utility.obj
 0003:00000128       ?module_local_at_quick_exit_table@@3U_onexit_table_t@@A 0000000180005128     msvcrt:utility.obj
 0003:00000140       ?is_initialized_as_dll@@3_NA 0000000180005140     msvcrt:utility.obj
 0003:00000144       ?__proc_attached@@3HA      0000000180005144     msvcrt:dll_dllmain.obj
 0003:00000150       GS_ExceptionRecord         0000000180005150     msvcrt:gs_report.obj
 0003:000001f0       GS_ContextRecord           00000001800051f0     msvcrt:gs_report.obj
 0003:00000758       ?ReadCSVDLL@@3UAFX_EXTENSION_MODULE@@A 0000000180005758     ReadCSV.obj
 0004:00000000       $pdata$??__E_AtlBaseModule@ATL@@YAXXZ 0000000180006000     atls:atlbase.obj
 0004:0000000c       $pdata$ExtRawDllMain       000000018000600c     ReadCSV.obj
 0004:00000018       $pdata$DllMain             0000000180006018     ReadCSV.obj
 0004:00000024       $pdata$NCVC_Initialize     0000000180006024     ReadCSV.obj
 0004:00000030       $pdata$ReadCSV_Menu        0000000180006030     ReadCSV.obj
 0004:0000003c       $pdata$ReadCSV             000000018000603c     ReadCSV.obj
 0004:00000054       $pdata$??_Gtype_info@@UEAAPEAXI@Z 0000000180006054     msvcrt:std_type_info_static.obj
 0004:00000060       $pdata$?__scrt_initialize_thread_safe_statics@@YAHXZ 0000000180006060     msvcrt:thread_safe_statics.obj
 0004:0000006c       $pdata$?__scrt_uninitialize_thread_safe_statics@@YAXXZ 000000018000606c     msvcrt:thread_safe_statics.obj
 0004:00000078       $pdata$__scrt_acquire_startup_lock 0000000180006078     msvcrt:utility.obj
 0004:00000084       $pdata$__scrt_dllmain_after_initialize_c 0000000180006084     msvcrt:utility.obj
 0004:00000090       $pdata$__scrt_dllmain_before_initialize_c 0000000180006090     msvcrt:utility.obj
 0004:0000009c       $pdata$__scrt_dllmain_crt_thread_attach 000000018000609c     msvcrt:utility.obj
 0004:000000a8       $pdata$__scrt_dllmain_crt_thread_detach 00000001800060a8     msvcrt:utility.obj
 0004:000000b4       $pdata$__scrt_dllmain_exception_filter 00000001800060b4     msvcrt:utility.obj
 0004:000000c0       $pdata$__scrt_dllmain_uninitialize_c 00000001800060c0     msvcrt:utility.obj
 0004:000000cc       $pdata$__scrt_dllmain_uninitialize_critical 00000001800060cc     msvcrt:utility.obj
 0004:000000d8       $pdata$__scrt_initialize_crt 00000001800060d8     msvcrt:utility.obj
 0004:000000e4       $pdata$__scrt_initialize_onexit_tables 00000001800060e4     msvcrt:utility.obj
 0004:000000f0       $pdata$__scrt_is_nonwritable_in_current_image 00000001800060f0     msvcrt:utility.obj
 0004:000000fc       $pdata$__scrt_release_startup_lock 00000001800060fc     msvcrt:utility.obj
 0004:00000108       $pdata$__scrt_uninitialize_crt 0000000180006108     msvcrt:utility.obj
 0004:00000114       $pdata$_onexit             0000000180006114     msvcrt:utility.obj
 0004:00000120       $pdata$atexit              0000000180006120     msvcrt:utility.obj
 0004:0000012c       $pdata$?dllmain_crt_dispatch@@YAHQEAUHINSTANCE__@@KQEAX@Z 000000018000612c     msvcrt:dll_dllmain.obj
 0004:00000138       $pdata$?dllmain_crt_process_attach@@YAHQEAUHINSTANCE__@@QEAX@Z 0000000180006138     msvcrt:dll_dllmain.obj
 0004:00000144       $pdata$?dllmain_crt_process_detach@@YAH_N@Z 0000000180006144     msvcrt:dll_dllmain.obj
 0004:00000150       $pdata$?dllmain_dispatch@@YAHQEAUHINSTANCE__@@KQEAX@Z 0000000180006150     msvcrt:dll_dllmain.obj
 0004:0000015c       $pdata$?dllmain_raw@@YAHQEAUHINSTANCE__@@KQEAX@Z 000000018000615c     msvcrt:dll_dllmain.obj
 0004:00000168       $pdata$_DllMainCRTStartup  0000000180006168     msvcrt:dll_dllmain.obj
 0004:00000174       $pdata$__raise_securityfailure 0000000180006174     msvcrt:gs_report.obj
 0004:00000180       $pdata$__report_gsfailure  0000000180006180     msvcrt:gs_report.obj
 0004:0000018c       $pdata$capture_previous_context 000000018000618c     msvcrt:gs_report.obj
 0004:00000198       $pdata$__scrt_fastfail     0000000180006198     msvcrt:utility_desktop.obj
 0004:000001a4       $pdata$__isa_available_init 00000001800061a4     msvcrt:_cpu_disp_.obj
 0004:000001b0       $pdata$__security_init_cookie 00000001800061b0     msvcrt:gs_support.obj
 0004:000001bc       $pdata$__scrt_initialize_default_local_stdio_options 00000001800061bc     msvcrt:default_local_stdio_options.obj
 0004:000001c8       $pdata$_RTC_Initialize     00000001800061c8     msvcrt:_initsect_.obj
 0004:000001d4       $pdata$_RTC_Terminate      00000001800061d4     msvcrt:_initsect_.obj
 0004:000001e0       $pdata$__GSHandlerCheck    00000001800061e0     msvcrt:_gshandler_.obj
 0004:000001ec       $pdata$__GSHandlerCheckCommon 00000001800061ec     msvcrt:_gshandler_.obj
 0004:000001f8       $pdata$??0CAtlBaseModule@ATL@@QEAA@XZ 00000001800061f8     atls:atlbase.obj
 0004:00000204       $pdata$??1CAtlBaseModule@ATL@@QEAA@XZ 0000000180006204     atls:atlbase.obj
 0004:00000210       $pdata$__GSHandlerCheck_EH 0000000180006210     msvcrt:gshandlereh.obj
 0004:00000228       $pdata$ReadCSV$catch$5     0000000180006228     ReadCSV.obj
 0004:00000234       $pdata$ReadCSV$catch$6     0000000180006234     ReadCSV.obj
 0004:00000240       $pdata$__scrt_is_nonwritable_in_current_image$filt$0 0000000180006240     msvcrt:utility.obj
 0004:0000024c       $pdata$?fin$0@?0??dllmain_crt_process_attach@@YAHQEAUHINSTANCE__@@QEAX@Z@4HA 000000018000624c     msvcrt:dll_dllmain.obj
 0004:00000258       $pdata$?fin$0@?0??dllmain_crt_process_detach@@YAH_N@Z@4HA 0000000180006258     msvcrt:dll_dllmain.obj
 0004:00000264       $pdata$?filt$0@?0??dllmain_dispatch@@YAHQEAUHINSTANCE__@@KQEAX@Z@4HA 0000000180006264     msvcrt:dll_dllmain.obj
 0005:00000000       __guard_fids__             0000000180007000     msvcrt:std_type_info_static.obj
 0005:00000004       __guard_fids__             0000000180007004     msvcrt:thread_safe_statics.obj
 0005:00000008       __guard_fids_?__scrt_initialize_thread_safe_statics@@YAHXZ 0000000180007008     msvcrt:thread_safe_statics.obj
 0005:0000000c       __guard_fids_?dllmain_crt_process_attach@@YAHQEAUHINSTANCE__@@QEAX@Z 000000018000700c     msvcrt:dll_dllmain.obj
 0005:00000014       __guard_fids_?dllmain_dispatch@@YAHQEAUHINSTANCE__@@KQEAX@Z 0000000180007014     msvcrt:dll_dllmain.obj
 0005:00000018       __guard_fids__             0000000180007018     msvcrt:guard_support.obj
 0007:00000160       $R000000                   0000000180009160     ReadCSV.res
 0007:000004e8       $R000388                   00000001800094e8     ReadCSV.res
 0007:00000610       $R0004B0                   0000000180009610     ReadCSV.res
 0007:000008f8       $R000798                   00000001800098f8     ReadCSV.res
 0007:00000920       $R0007C0                   0000000180009920     ReadCSV.res
